<?xml version="1.0" encoding="UTF-8" standalone="yes"?>
<mml:domainClassDto id="java.lang.Long" xmlns:mml="http://isis.apache.org/schema/metamodel"/>
