<?xml version="1.0" encoding="UTF-8" standalone="yes"?>
<mml:domainClassDto id="org.apache.isis.applib.services.layout.LayoutService$Style" xmlns:mml="http://isis.apache.org/schema/metamodel"/>
